Starting Dynare (version 6.5).
Calling Dynare with arguments: none
Starting preprocessing of the model file ...
Found 8 equation(s).
Evaluating expressions...
Computing static model derivatives (order 1).
Normalizing the static model...
Finding the optimal block decomposition of the static model...
2 block(s) found:
  1 recursive block(s) and 1 simultaneous block(s).
  the largest simultaneous block has 7 equation(s)
                                 and 7 feedback variable(s).
Computing dynamic model derivatives (order 1).
Normalizing the dynamic model...
Finding the optimal block decomposition of the dynamic model...
2 block(s) found:
  1 recursive block(s) and 1 simultaneous block(s).
  the largest simultaneous block has 7 equation(s)
                                 and 7 feedback variable(s).
Preprocessing completed.
Preprocessing time: 0h00m00s.
Number of steady state vars: 7
         Y:        2.133204
         K:       20.055187
         N:        0.707453
         C:        1.631824
         I:        0.501380
         R:        0.035101
         W:        2.020270

STEADY-STATE RESULTS:

a 		 0
C 		 1.63182
I 		 0.50138
K 		 20.0552
N 		 0.707453
R 		 0.035101
W 		 2.02027
Y 		 2.1332
Number of steady state vars: 7
         Y:        2.133204
         K:       20.055187
         N:        0.707453
         C:        1.631824
         I:        0.501380
         R:        0.035101
         W:        2.020270


Residuals of the static equations:
Equation number 1: 1 :       0.000000
Equation number 2: 2 :       0.000000
Equation number 3: I :       0.000000
Equation number 4: Y :       0.000000
Equation number 5: 5 :       0.000000
Equation number 6: R :       0.000000
Equation number 7: W :       0.000000
Equation number 8: a :       0.000000


Number of steady state vars: 7
         Y:        2.133204
         K:       20.055187
         N:        0.707453
         C:        1.631824
         I:        0.501380
         R:        0.035101
         W:        2.020270

MODEL SUMMARY

  Number of variables:         8
  Number of stochastic shocks: 1
  Number of state variables:   2
  Number of jumpers:           2
  Number of static variables:  4


MATRIX OF COVARIANCE OF EXOGENOUS SHOCKS
Variables           e
e            0.000100

POLICY AND TRANSITION FUNCTIONS
                                   C               Y               I               N               R               W
Constant                    1.631824        2.133204        0.501380        0.707453        0.035101        2.020270
a(-1)                       0.599266        2.652794        2.053527        0.309983        0.043651        1.627135
K(-1)                       0.045002        0.023148       -0.021854       -0.005917       -0.001369        0.038818
e                          -0.630807       -2.792414       -2.161608       -0.326298       -0.045948       -1.712773


THEORETICAL MOMENTS
VARIABLE         MEAN  STD. DEV.   VARIANCE
C              1.6318     0.0617     0.0038
Y              2.1332     0.1070     0.0114
I              0.5014     0.0565     0.0032
N              0.7075     0.0078     0.0001
R              0.0351     0.0012     0.0000
W              2.0203     0.0870     0.0076



MATRIX OF CORRELATIONS
Variables          C        Y        I        N        R        W
C             1.0000   0.9134   0.6368   0.3636  -0.1190   0.9715
Y             0.9134   1.0000   0.8955   0.7114   0.2956   0.9839
I             0.6368   0.8955   1.0000   0.9498   0.6898   0.8015
N             0.3636   0.7114   0.9498   1.0000   0.8817   0.5742
R            -0.1190   0.2956   0.6898   0.8817   1.0000   0.1199
W             0.9715   0.9839   0.8015   0.5742   0.1199   1.0000



COEFFICIENTS OF AUTOCORRELATION
Order          1       2       3       4       5
C         0.9944  0.9870  0.9780  0.9675  0.9558
Y         0.9653  0.9317  0.8990  0.8673  0.8366
I         0.9238  0.8527  0.7863  0.7244  0.6666
N         0.9065  0.8198  0.7393  0.6647  0.5956
R         0.9147  0.8353  0.7614  0.6928  0.6290
W         0.9804  0.9603  0.9399  0.9192  0.8983
Total computing time : 0h00m02s
